  Determinando los proyectos que se van a restaurar...
  Todos los proyectos est├ín actualizados para la restauraci├│n.
  InterfazParqueadero -> C:\Users\elbet\Videos\Doc PUCESA\RevisionParking\InterfazParqueadero_2\bin\Debug\net10.0-windows\win-x86\InterfazParqueadero.dll

Compilaci├│n correcta.
    0 Advertencia(s)
    0 Errores

Tiempo transcurrido 00:00:04.06
